PS C:\Users\PC_User> mkdir git_challenge


    ディレクトリ: C:\Users\PC_User


Mode                 LastWriteTime         Length Name
----                 -------------         ------ ----
d-----        2024/05/19     16:48                git_challenge    


PS C:\Users\PC_User> cd git_challenge
PS C:\Users\PC_User\git_challenge> git init
Initialized empty Git repository in C:/Users/PC_User/git_challenge/.git/
PS C:\Users\PC_User\git_challenge> echo "Hello, world!" >> hello_world.txt
PS C:\Users\PC_User\git_challenge> git add hello_world.txt
PS C:\Users\PC_User\git_challenge> git commit -m "hello_world.txtを追加"
[main (root-commit) b7a9f2d] hello_world.txt繧定ｿｽ蜉
 1 file changed, 0 insertions(+), 0 deletions(-)
 create mode 100644 hello_world.txt
PS C:\Users\PC_User\git_challenge> git add hello_world.txt
PS C:\Users\PC_User\git_challenge> git commit -m "日本語訳を追加" 
[main f3ab275] 譌･譛ｬ隱櫁ｨｳ繧定ｿｽ蜉
 1 file changed, 0 insertions(+), 0 deletions(-)
PS C:\Users\PC_User\git_challenge> git log --oneline
f3ab275 (HEAD -> main) 日本語訳を追加
b7a9f2d hello_world.txtを追加